Archive member included to satisfy reference by file (symbol)

/home/amd/st/stm32cubeide_1.18.1/plugins/com.st.stm32cube.ide.mcu.externaltools.gnu-tools-for-stm32.13.3.rel1.linux64_1.0.0.202410170706/tools/bin/../lib/gcc/arm-none-eabi/13.3.1/../../../../arm-none-eabi/lib/thumb/v8-m.main+fp/hard/libc_nano.a(libc_a-exit.o)
                              /home/amd/st/stm32cubeide_1.18.1/plugins/com.st.stm32cube.ide.mcu.externaltools.gnu-tools-for-stm32.13.3.rel1.linux64_1.0.0.202410170706/tools/bin/../lib/gcc/arm-none-eabi/13.3.1/../../../../arm-none-eabi/lib/thumb/v8-m.main+fp/hard/crt0.o (exit)
/home/amd/st/stm32cubeide_1.18.1/plugins/com.st.stm32cube.ide.mcu.externaltools.gnu-tools-for-stm32.13.3.rel1.linux64_1.0.0.202410170706/tools/bin/../lib/gcc/arm-none-eabi/13.3.1/../../../../arm-none-eabi/lib/thumb/v8-m.main+fp/hard/libc_nano.a(libc_a-findfp.o)
                              /home/amd/st/stm32cubeide_1.18.1/plugins/com.st.stm32cube.ide.mcu.externaltools.gnu-tools-for-stm32.13.3.rel1.linux64_1.0.0.202410170706/tools/bin/../lib/gcc/arm-none-eabi/13.3.1/../../../../arm-none-eabi/lib/thumb/v8-m.main+fp/hard/libc_nano.a(libc_a-exit.o) (__stdio_exit_handler)
/home/amd/st/stm32cubeide_1.18.1/plugins/com.st.stm32cube.ide.mcu.externaltools.gnu-tools-for-stm32.13.3.rel1.linux64_1.0.0.202410170706/tools/bin/../lib/gcc/arm-none-eabi/13.3.1/../../../../arm-none-eabi/lib/thumb/v8-m.main+fp/hard/libc_nano.a(libc_a-fwalk.o)
                              /home/amd/st/stm32cubeide_1.18.1/plugins/com.st.stm32cube.ide.mcu.externaltools.gnu-tools-for-stm32.13.3.rel1.linux64_1.0.0.202410170706/tools/bin/../lib/gcc/arm-none-eabi/13.3.1/../../../../arm-none-eabi/lib/thumb/v8-m.main+fp/hard/libc_nano.a(libc_a-findfp.o) (_fwalk_sglue)
/home/amd/st/stm32cubeide_1.18.1/plugins/com.st.stm32cube.ide.mcu.externaltools.gnu-tools-for-stm32.13.3.rel1.linux64_1.0.0.202410170706/tools/bin/../lib/gcc/arm-none-eabi/13.3.1/../../../../arm-none-eabi/lib/thumb/v8-m.main+fp/hard/libc_nano.a(libc_a-stdio.o)
                              /home/amd/st/stm32cubeide_1.18.1/plugins/com.st.stm32cube.ide.mcu.externaltools.gnu-tools-for-stm32.13.3.rel1.linux64_1.0.0.202410170706/tools/bin/../lib/gcc/arm-none-eabi/13.3.1/../../../../arm-none-eabi/lib/thumb/v8-m.main+fp/hard/libc_nano.a(libc_a-findfp.o) (__sread)
/home/amd/st/stm32cubeide_1.18.1/plugins/com.st.stm32cube.ide.mcu.externaltools.gnu-tools-for-stm32.13.3.rel1.linux64_1.0.0.202410170706/tools/bin/../lib/gcc/arm-none-eabi/13.3.1/../../../../arm-none-eabi/lib/thumb/v8-m.main+fp/hard/libc_nano.a(libc_a-memset.o)
                              /home/amd/st/stm32cubeide_1.18.1/plugins/com.st.stm32cube.ide.mcu.externaltools.gnu-tools-for-stm32.13.3.rel1.linux64_1.0.0.202410170706/tools/bin/../lib/gcc/arm-none-eabi/13.3.1/../../../../arm-none-eabi/lib/thumb/v8-m.main+fp/hard/crt0.o (memset)
/home/amd/st/stm32cubeide_1.18.1/plugins/com.st.stm32cube.ide.mcu.externaltools.gnu-tools-for-stm32.13.3.rel1.linux64_1.0.0.202410170706/tools/bin/../lib/gcc/arm-none-eabi/13.3.1/../../../../arm-none-eabi/lib/thumb/v8-m.main+fp/hard/libc_nano.a(libc_a-closer.o)
                              /home/amd/st/stm32cubeide_1.18.1/plugins/com.st.stm32cube.ide.mcu.externaltools.gnu-tools-for-stm32.13.3.rel1.linux64_1.0.0.202410170706/tools/bin/../lib/gcc/arm-none-eabi/13.3.1/../../../../arm-none-eabi/lib/thumb/v8-m.main+fp/hard/libc_nano.a(libc_a-stdio.o) (_close_r)
/home/amd/st/stm32cubeide_1.18.1/plugins/com.st.stm32cube.ide.mcu.externaltools.gnu-tools-for-stm32.13.3.rel1.linux64_1.0.0.202410170706/tools/bin/../lib/gcc/arm-none-eabi/13.3.1/../../../../arm-none-eabi/lib/thumb/v8-m.main+fp/hard/libc_nano.a(libc_a-reent.o)
                              /home/amd/st/stm32cubeide_1.18.1/plugins/com.st.stm32cube.ide.mcu.externaltools.gnu-tools-for-stm32.13.3.rel1.linux64_1.0.0.202410170706/tools/bin/../lib/gcc/arm-none-eabi/13.3.1/../../../../arm-none-eabi/lib/thumb/v8-m.main+fp/hard/libc_nano.a(libc_a-closer.o) (errno)
/home/amd/st/stm32cubeide_1.18.1/plugins/com.st.stm32cube.ide.mcu.externaltools.gnu-tools-for-stm32.13.3.rel1.linux64_1.0.0.202410170706/tools/bin/../lib/gcc/arm-none-eabi/13.3.1/../../../../arm-none-eabi/lib/thumb/v8-m.main+fp/hard/libc_nano.a(libc_a-impure.o)
                              /home/amd/st/stm32cubeide_1.18.1/plugins/com.st.stm32cube.ide.mcu.externaltools.gnu-tools-for-stm32.13.3.rel1.linux64_1.0.0.202410170706/tools/bin/../lib/gcc/arm-none-eabi/13.3.1/../../../../arm-none-eabi/lib/thumb/v8-m.main+fp/hard/libc_nano.a(libc_a-reent.o) (_impure_ptr)
/home/amd/st/stm32cubeide_1.18.1/plugins/com.st.stm32cube.ide.mcu.externaltools.gnu-tools-for-stm32.13.3.rel1.linux64_1.0.0.202410170706/tools/bin/../lib/gcc/arm-none-eabi/13.3.1/../../../../arm-none-eabi/lib/thumb/v8-m.main+fp/hard/libc_nano.a(libc_a-lseekr.o)
[...]
Memory Configuration

Name             Origin             Length             Attributes
RAM              0x20000000         0x00030000         xrw
RAM2             0x20030000         0x00010000         xrw
FLASH            0x08000000         0x00080000         xr
*default*        0x00000000         0xffffffff

Linker script and memory map

LOAD /home/amd/st/stm32cubeide_1.18.1/plugins/com.st.stm32cube.ide.mcu.externaltools.gnu-tools-for-stm32.13.3.rel1.linux64_1.0.0.202410170706/tools/bin/../lib/gcc/arm-none-eabi/13.3.1/thumb/v8-m.main+fp/hard/crti.o
LOAD /home/amd/st/stm32cubeide_1.18.1/plugins/com.st.stm32cube.ide.mcu.externaltools.gnu-tools-for-stm32.13.3.rel1.linux64_1.0.0.202410170706/tools/bin/../lib/gcc/arm-none-eabi/13.3.1/thumb/v8-m.main+fp/hard/crtbegin.o
LOAD /home/amd/st/stm32cubeide_1.18.1/plugins/com.st.stm32cube.ide.mcu.externaltools.gnu-tools-for-stm32.13.3.rel1.linux64_1.0.0.202410170706/tools/bin/../lib/gcc/arm-none-eabi/13.3.1/../../../../arm-none-eabi/lib/thumb/v8-m.main+fp/hard/crt0.o
LOAD ./Core/Src/main.o
LOAD ./Core/Src/stm32l5xx_hal_msp.o
LOAD ./Core/Src/stm32l5xx_it.o
LOAD ./Core/Src/syscalls.o
LOAD ./Core/Src/sysmem.o
LOAD ./Core/Src/system_stm32l5xx.o
LOAD ./Core/Startup/startup_stm32l562qeix.o
LOAD ./Drivers/STM32L5xx_HAL_Driver/Src/stm32l5xx_hal.o
LOAD ./Drivers/STM32L5xx_HAL_Driver/Src/stm32l5xx_hal_cortex.o
LOAD ./Drivers/STM32L5xx_HAL_Driver/Src/stm32l5xx_hal_dma.o
LOAD ./Drivers/STM32L5xx_HAL_Driver/Src/stm32l5xx_hal_dma_ex.o
LOAD ./Drivers/STM32L5xx_HAL_Driver/Src/stm32l5xx_hal_exti.o
LOAD ./Drivers/STM32L5xx_HAL_Driver/Src/stm32l5xx_hal_flash.o
LOAD ./Drivers/STM32L5xx_HAL_Driver/Src/stm32l5xx_hal_flash_ex.o
LOAD ./Drivers/STM32L5xx_HAL_Driver/Src/stm32l5xx_hal_flash_ramfunc.o
LOAD ./Drivers/STM32L5xx_HAL_Driver/Src/stm32l5xx_hal_gpio.o
LOAD ./Drivers/STM32L5xx_HAL_Driver/Src/stm32l5xx_hal_i2c.o
LOAD ./Drivers/STM32L5xx_HAL_Driver/Src/stm32l5xx_hal_i2c_ex.o
LOAD ./Drivers/STM32L5xx_HAL_Driver/Src/stm32l5xx_hal_icache.o
LOAD ./Drivers/STM32L5xx_HAL_Driver/Src/stm32l5xx_hal_pwr.o
LOAD ./Drivers/STM32L5xx_HAL_Driver/Src/stm32l5xx_hal_pwr_ex.o
LOAD ./Drivers/STM32L5xx_HAL_Driver/Src/stm32l5xx_hal_rcc.o
LOAD ./Drivers/STM32L5xx_HAL_Driver/Src/stm32l5xx_hal_rcc_ex.o
LOAD ./Drivers/STM32L5xx_HAL_Driver/Src/stm32l5xx_hal_tim.o
LOAD ./Drivers/STM32L5xx_HAL_Driver/Src/stm32l5xx_hal_tim_ex.o
LOAD ./Drivers/STM32L5xx_HAL_Driver/Src/stm32l5xx_hal_uart.o
LOAD ./Drivers/STM32L5xx_HAL_Driver/Src/stm32l5xx_hal_uart_ex.o
START GROUP
LOAD /home/amd/st/stm32cubeide_1.18.1/plugins/com.st.stm32cube.ide.mcu.externaltools.gnu-tools-for-stm32.13.3.rel1.linux64_1.0.0.202410170706/tools/bin/../lib/gcc/arm-none-eabi/13.3.1/../../../../arm-none-eabi/lib/thumb/v8-m.main+fp/hard/libc_nano.a
LOAD /home/amd/st/stm32cubeide_1.18.1/plugins/com.st.stm32cube.ide.mcu.externaltools.gnu-tools-for-stm32.13.3.rel1.linux64_1.0.0.202410170706/tools/bin/../lib/gcc/arm-none-eabi/13.3.1/../../../../arm-none-eabi/lib/thumb/v8-m.main+fp/hard/libm.a
END GROUP
START GROUP
LOAD /home/amd/st/stm32cubeide_1.18.1/plugins/com.st.stm32cube.ide.mcu.externaltools.gnu-tools-for-stm32.13.3.rel1.linux64_1.0.0.202410170706/tools/bin/../lib/gcc/arm-none-eabi/13.3.1/thumb/v8-m.main+fp/hard/libgcc.a
LOAD /home/amd/st/stm32cubeide_1.18.1/plugins/com.st.stm32cube.ide.mcu.externaltools.gnu-tools-for-stm32.13.3.rel1.linux64_1.0.0.202410170706/tools/bin/../lib/gcc/arm-none-eabi/13.3.1/../../../../arm-none-eabi/lib/thumb/v8-m.main+fp/hard/libc_nano.a
END GROUP
START GROUP
LOAD /home/amd/st/stm32cubeide_1.18.1/plugins/com.st.stm32cube.ide.mcu.externaltools.gnu-tools-for-stm32.13.3.rel1.linux64_1.0.0.202410170706/tools/bin/../lib/gcc/arm-none-eabi/13.3.1/thumb/v8-m.main+fp/hard/libgcc.a
LOAD /home/amd/st/stm32cubeide_1.18.1/plugins/com.st.stm32cube.ide.mcu.externaltools.gnu-tools-for-stm32.13.3.rel1.linux64_1.0.0.202410170706/tools/bin/../lib/gcc/arm-none-eabi/13.3.1/../../../../arm-none-eabi/lib/thumb/v8-m.main+fp/hard/libc_nano.a
LOAD /home/amd/st/stm32cubeide_1.18.1/plugins/com.st.stm32cube.ide.mcu.externaltools.gnu-tools-for-stm32.13.3.rel1.linux64_1.0.0.202410170706/tools/bin/../lib/gcc/arm-none-eabi/13.3.1/../../../../arm-none-eabi/lib/thumb/v8-m.main+fp/hard/libnosys.a
END GROUP
START GROUP
LOAD /home/amd/st/stm32cubeide_1.18.1/plugins/com.st.stm32cube.ide.mcu.externaltools.gnu-tools-for-stm32.13.3.rel1.linux64_1.0.0.202410170706/tools/bin/../lib/gcc/arm-none-eabi/13.3.1/thumb/v8-m.main+fp/hard/libgcc.a
LOAD /home/amd/st/stm32cubeide_1.18.1/plugins/com.st.stm32cube.ide.mcu.externaltools.gnu-tools-for-stm32.13.3.rel1.linux64_1.0.0.202410170706/tools/bin/../lib/gcc/arm-none-eabi/13.3.1/../../../../arm-none-eabi/lib/thumb/v8-m.main+fp/hard/libc_nano.a
LOAD /home/amd/st/stm32cubeide_1.18.1/plugins/com.st.stm32cube.ide.mcu.externaltools.gnu-tools-for-stm32.13.3.rel1.linux64_1.0.0.202410170706/tools/bin/../lib/gcc/arm-none-eabi/13.3.1/../../../../arm-none-eabi/lib/thumb/v8-m.main+fp/hard/libnosys.a
END GROUP
LOAD /home/amd/st/stm32cubeide_1.18.1/plugins/com.st.stm32cube.ide.mcu.externaltools.gnu-tools-for-stm32.13.3.rel1.linux64_1.0.0.202410170706/tools/bin/../lib/gcc/arm-none-eabi/13.3.1/thumb/v8-m.main+fp/hard/crtend.o
LOAD /home/amd/st/stm32cubeide_1.18.1/plugins/com.st.stm32cube.ide.mcu.externaltools.gnu-tools-for-stm32.13.3.rel1.linux64_1.0.0.202410170706/tools/bin/../lib/gcc/arm-none-eabi/13.3.1/thumb/v8-m.main+fp/hard/crtn.o
                0x20030000                        _estack = (ORIGIN (RAM) + LENGTH (RAM))
                0x00000200                        _Min_Heap_Size = 0x200
                0x00000400                        _Min_Stack_Size = 0x400

.isr_vector     0x08000000      0x1f4
                0x08000000                        . = ALIGN (0x4)
 *(.isr_vector)
 .isr_vector    0x08000000      0x1f4 ./Core/Startup/startup_stm32l562qeix.o
                0x08000000                g_pfnVectors
                0x080001f4                        . = ALIGN (0x4)

.text           0x080001f4     0x3648
                0x080001f4                        . = ALIGN (0x4)
 *(.text)
 .text          0x080001f4       0x40 /home/amd/st/stm32cubeide_1.18.1/plugins/com.st.stm32cube.ide.mcu.externaltools.gnu-tools-for-stm32.13.3.rel1.linux64_1.0.0.202410170706/tools/bin/../lib/gcc/arm-none-eabi/13.3.1/thumb/v8-m.main+fp/hard/crtbegin.o
 .text          0x08000234       0x30 /home/amd/st/stm32cubeide_1.18.1/plugins/com.st.stm32cube.ide.mcu.externaltools.gnu-tools-for-stm32.13.3.rel1.linux64_1.0.0.202410170706/tools/bin/../lib/gcc/arm-none-eabi/13.3.1/thumb/v8-m.main+fp/hard/libgcc.a(_aeabi_uldivmod.o)
                0x08000234                __aeabi_uldivmod
 .text          0x08000264      0x348 /home/amd/st/stm32cubeide_1.18.1/plugins/com.st.stm32cube.ide.mcu.externaltools.gnu-tools-for-stm32.13.3.rel1.linux64_1.0.0.202410170706/tools/bin/../lib/gcc/arm-none-eabi/13.3.1/thumb/v8-m.main+fp/hard/libgcc.a(_udivmoddi4.o)
                0x08000264                __udivmoddi4
 .text          0x080005ac        0x4 /home/amd/st/stm32cubeide_1.18.1/plugins/com.st.stm32cube.ide.mcu.externaltools.gnu-tools-for-stm32.13.3.rel1.linux64_1.0.0.202410170706/tools/bin/../lib/gcc/arm-none-eabi/13.3.1/thumb/v8-m.main+fp/hard/libgcc.a(_dvmd_tls.o)
                0x080005ac                __aeabi_ldiv0
                0x080005ac                __aeabi_idiv0
 *(.text*)
 .text.MX_GPIO_Init
                0x080005b0       0x78 ./Core/Src/main.o
 .text.Error_Handler
                0x08000628        0x4 ./Core/Src/main.o
                0x08000628                Error_Handler
 .text.MX_UART4_Init
                0x0800062c       0x60 ./Core/Src/main.o
 .text.MX_TIM5_Init
                0x0800068c       0xc0 ./Core/Src/main.o
 .text.MX_TIM2_Init
                0x0800074c       0xb4 ./Core/Src/main.o
 .text.SystemClock_Config
                0x08000800       0x66 ./Core/Src/main.o
                0x08000800                SystemClock_Config
 *fill*         0x08000866        0x2 
 .text.main     0x08000868       0x48 ./Core/Src/main.o
                0x08000868                main
 .text.HAL_MspInit
                0x080008b0       0x38 ./Core/Src/stm32l5xx_hal_msp.o
                0x080008b0                HAL_MspInit
 .text.HAL_TIM_Base_MspInit
                0x080008e8       0x4c ./Core/Src/stm32l5xx_hal_msp.o
                0x080008e8                HAL_TIM_Base_MspInit
 .text.HAL_TIM_MspPostInit
                0x08000934       0x88 ./Core/Src/stm32l5xx_hal_msp.o
                0x08000934                HAL_TIM_MspPostInit
 .text.HAL_UART_MspInit
                0x080009bc       0x8c ./Core/Src/stm32l5xx_hal_msp.o
                0x080009bc                HAL_UART_MspInit
 .text.NMI_Handler
                0x08000a48        0x2 ./Core/Src/stm32l5xx_it.o
                0x08000a48                NMI_Handler
 .text.HardFault_Handler
                0x08000a4a        0x2 ./Core/Src/stm32l5xx_it.o
                0x08000a4a                HardFault_Handler
 .text.MemManage_Handler
                0x08000a4c        0x2 ./Core/Src/stm32l5xx_it.o
                0x08000a4c                MemManage_Handler
 .text.BusFault_Handler
                0x08000a4e        0x2 ./Core/Src/stm32l5xx_it.o
                0x08000a4e                BusFault_Handler
 .text.UsageFault_Handler
                0x08000a50        0x2 ./Core/Src/stm32l5xx_it.o
                0x08000a50                UsageFault_Handler
 .text.SVC_Handler
                0x08000a52        0x2 ./Core/Src/stm32l5xx_it.o
                0x08000a52                SVC_Handler
 .text.DebugMon_Handler
                0x08000a54        0x2 ./Core/Src/stm32l5xx_it.o
                0x08000a54                DebugMon_Handler
 .text.PendSV_Handler
                0x08000a56        0x2 ./Core/Src/stm32l5xx_it.o
                0x08000a56                PendSV_Handler
 .text.SysTick_Handler
                0x08000a58        0x8 ./Core/Src/stm32l5xx_it.o
                0x08000a58                SysTick_Handler
 .text.SystemInit
                0x08000a60       0x14 ./Core/Src/system_stm32l5xx.o
                0x08000a60                SystemInit
 .text.SystemCoreClockUpdate
                0x08000a74       0xd4 ./Core/Src/system_stm32l5xx.o
                0x08000a74                SystemCoreClockUpdate
 .text.Reset_Handler
                0x08000b48       0x50 ./Core/Startup/startup_stm32l562qeix.o
                0x08000b48                Reset_Handler
 .text.Default_Handler
                0x08000b98        0x2 ./Core/Startup/startup_stm32l562qeix.o
                0x08000b98                EXTI2_IRQHandler
                0x08000b98                TIM8_TRG_COM_IRQHandler
                0x08000b98                TIM8_CC_IRQHandler
                0x08000b98                EXTI5_IRQHandler
                0x08000b98                FLASH_S_IRQHandler
                0x08000b98                EXTI13_IRQHandler
                0x08000b98                TIM1_CC_IRQHandler
                0x08000b98                TSC_IRQHandler
                0x08000b98                TAMP_IRQHandler
                0x08000b98                TIM6_IRQHandler
                0x08000b98                EXTI12_IRQHandler
                0x08000b98                DMA2_Channel8_IRQHandler
                0x08000b98                EXTI3_IRQHandler
                0x08000b98                EXTI8_IRQHandler
                0x08000b98                LPTIM2_IRQHandler
                0x08000b98                DFSDM1_FLT1_IRQHandler
                0x08000b98                USB_FS_IRQHandler
                0x08000b98                I2C3_ER_IRQHandler
                0x08000b98                DFSDM1_FLT2_IRQHandler
                0x08000b98                DMAMUX1_IRQHandler
                0x08000b98                LPTIM3_IRQHandler
                0x08000b98                EXTI0_IRQHandler
                0x08000b98                I2C2_EV_IRQHandler
                0x08000b98                FPU_IRQHandler
                0x08000b98                FDCAN1_IT1_IRQHandler
                0x08000b98                ADC1_2_IRQHandler
                0x08000b98                SPI1_IRQHandler
                0x08000b98                OCTOSPI1_IRQHandler
                0x08000b98                TIM8_UP_IRQHandler
                0x08000b98                RCC_S_IRQHandler
                0x08000b98                DMA2_Channel2_IRQHandler
                0x08000b98                DMA1_Channel4_IRQHandler
                0x08000b98                SAI2_IRQHandler
                0x08000b98                DFSDM1_FLT3_IRQHandler
                0x08000b98                PKA_IRQHandler
                0x08000b98                EXTI15_IRQHandler
                0x08000b98                TIM17_IRQHandler
                0x08000b98                USART3_IRQHandler
                0x08000b98                RTC_IRQHandler
                0x08000b98                EXTI9_IRQHandler
                0x08000b98                DMA1_Channel7_IRQHandler
                0x08000b98                UART5_IRQHandler
                0x08000b98                TIM4_IRQHandler
                0x08000b98                DMA2_Channel1_IRQHandler
                0x08000b98                I2C1_EV_IRQHandler
                0x08000b98                DMA1_Channel6_IRQHandler
                0x08000b98                TIM16_IRQHandler
                0x08000b98                UART4_IRQHandler
                0x08000b98                DMA2_Channel4_IRQHandler
                0x08000b98                SecureFault_Handler
                0x08000b98                TIM3_IRQHandler
                0x08000b98                RCC_IRQHandler
                0x08000b98                TIM1_TRG_COM_IRQHandler
                0x08000b98                DMA1_Channel1_IRQHandler
                0x08000b98                Default_Handler
                0x08000b98                DMA2_Channel7_IRQHandler
                0x08000b98                OTFDEC1_IRQHandler
                0x08000b98                DMA1_Channel8_IRQHandler
                0x08000b98                TIM7_IRQHandler
                0x08000b98                SDMMC1_IRQHandler
                0x08000b98                TIM5_IRQHandler
                0x08000b98                UCPD1_IRQHandler
                0x08000b98                TIM15_IRQHandler
                0x08000b98                I2C3_EV_IRQHandler
                0x08000b98                PVD_PVM_IRQHandler
                0x08000b98                SPI2_IRQHandler
                0x08000b98                EXTI14_IRQHandler
                0x08000b98                EXTI11_IRQHandler
                0x08000b98                DMA2_Channel5_IRQHandler
                0x08000b98                CRS_IRQHandler
                0x08000b98                DMA1_Channel5_IRQHandler
                0x08000b98                EXTI4_IRQHandler
                0x08000b98                RTC_S_IRQHandler
                0x08000b98                RNG_IRQHandler
                0x08000b98                DMAMUX1_S_IRQHandler
                0x08000b98                DMA1_Channel3_IRQHandler
                0x08000b98                COMP_IRQHandler
                0x08000b98                TIM1_UP_IRQHandler
                0x08000b98                WWDG_IRQHandler
                0x08000b98                I2C4_EV_IRQHandler
                0x08000b98                LPUART1_IRQHandler
                0x08000b98                DMA2_Channel6_IRQHandler
                0x08000b98                FDCAN1_IT0_IRQHandler
                0x08000b98                TIM2_IRQHandler
                0x08000b98                TAMP_S_IRQHandler
                0x08000b98                EXTI7_IRQHandler
                0x08000b98                TIM1_BRK_IRQHandler
                0x08000b98                DAC_IRQHandler
                0x08000b98                EXTI1_IRQHandler
                0x08000b98                AES_IRQHandler
                0x08000b98                GTZC_IRQHandler
                0x08000b98                USART2_IRQHandler
                0x08000b98                DFSDM1_FLT0_IRQHandler
                0x08000b98                I2C2_ER_IRQHandler
                0x08000b98                DMA1_Channel2_IRQHandler
                0x08000b98                TIM8_BRK_IRQHandler
                0x08000b98                FLASH_IRQHandler
                0x08000b98                USART1_IRQHandler
                0x08000b98                EXTI10_IRQHandler
                0x08000b98                SPI3_IRQHandler
                0x08000b98                I2C1_ER_IRQHandler
                0x08000b98                FMC_IRQHandler
                0x08000b98                EXTI6_IRQHandler
                0x08000b98                LPTIM1_IRQHandler
                0x08000b98                I2C4_ER_IRQHandler
                0x08000b98                ICACHE_IRQHandler
                0x08000b98                SAI1_IRQHandler
                0x08000b98                HASH_IRQHandler
                0x08000b98                DMA2_Channel3_IRQHandler
 *fill*         0x08000b9a        0x2 
 .text.HAL_InitTick
                0x08000b9c       0x50 ./Drivers/STM32L5xx_HAL_Driver/Src/stm32l5xx_hal.o
                0x08000b9c                HAL_InitTick
 .text.HAL_Init
                0x08000bec       0x22 ./Drivers/STM32L5xx_HAL_Driver/Src/stm32l5xx_hal.o
                0x08000bec                HAL_Init
 *fill*         0x08000c0e        0x2 
 .text.HAL_IncTick
                0x08000c10       0x18 ./Drivers/STM32L5xx_HAL_Driver/Src/stm32l5xx_hal.o
                0x08000c10                HAL_IncTick
 .text.HAL_GetTick
                0x08000c28        0xc ./Drivers/STM32L5xx_HAL_Driver/Src/stm32l5xx_hal.o
                0x08000c28                HAL_GetTick
 .text.__NVIC_SetPriority
                0x08000c34       0x28 ./Drivers/STM32L5xx_HAL_Driver/Src/stm32l5xx_hal_cortex.o
 .text.NVIC_EncodePriority
                0x08000c5c       0x3e ./Drivers/STM32L5xx_HAL_Driver/Src/stm32l5xx_hal_cortex.o
 *fill*         0x08000c9a        0x2 
 .text.HAL_NVIC_SetPriorityGrouping
                0x08000c9c       0x24 ./Drivers/STM32L5xx_HAL_Driver/Src/stm32l5xx_hal_cortex.o
                0x08000c9c                HAL_NVIC_SetPriorityGrouping
 .text.HAL_NVIC_SetPriority
                0x08000cc0       0x20 ./Drivers/STM32L5xx_HAL_Driver/Src/stm32l5xx_hal_cortex.o
                0x08000cc0                HAL_NVIC_SetPriority
 .text.HAL_SYSTICK_Config
                0x08000ce0       0x28 ./Drivers/STM32L5xx_HAL_Driver/Src/stm32l5xx_hal_cortex.o
                0x08000ce0                HAL_SYSTICK_Config
 .text.HAL_GPIO_Init
                0x08000d08      0x1c8 ./Drivers/STM32L5xx_HAL_Driver/Src/stm32l5xx_hal_gpio.o
                0x08000d08                HAL_GPIO_Init
 .text.HAL_GPIO_WritePin
                0x08000ed0        0xa ./Drivers/STM32L5xx_HAL_Driver/Src/stm32l5xx_hal_gpio.o
                0x08000ed0                HAL_GPIO_WritePin
 *fill*         0x08000eda        0x2 
 .text.HAL_PWREx_GetVoltageRange
                0x08000edc       0x10 ./Drivers/STM32L5xx_HAL_Driver/Src/stm32l5xx_hal_pwr_ex.o
                0x08000edc                HAL_PWREx_GetVoltageRange
 .text.HAL_PWREx_DisableUCPDDeadBattery
                0x08000eec       0x10 ./Drivers/STM32L5xx_HAL_Driver/Src/stm32l5xx_hal_pwr_ex.o
                0x08000eec                HAL_PWREx_DisableUCPDDeadBattery
 .text.HAL_PWREx_SMPS_GetEffectiveMode
                0x08000efc       0x24 ./Drivers/STM32L5xx_HAL_Driver/Src/stm32l5xx_hal_pwr_ex.o
                0x08000efc                HAL_PWREx_SMPS_GetEffectiveMode
 .text.HAL_PWREx_ControlVoltageScaling
                0x08000f20       0x90 ./Drivers/STM32L5xx_HAL_Driver/Src/stm32l5xx_hal_pwr_ex.o
                0x08000f20                HAL_PWREx_ControlVoltageScaling
 .text.RCC_GetSysClockFreqFromPLLSource
                0x08000fb0       0x8c ./Drivers/STM32L5xx_HAL_Driver/Src/stm32l5xx_hal_rcc.o
 .text.RCC_SetFlashLatencyFromMSIRange
                0x0800103c       0x94 ./Drivers/STM32L5xx_HAL_Driver/Src/stm32l5xx_hal_rcc.o
 .text.HAL_RCC_GetSysClockFreq
                0x080010d0       0xc8 ./Drivers/STM32L5xx_HAL_Driver/Src/stm32l5xx_hal_rcc.o
                0x080010d0                HAL_RCC_GetSysClockFreq
 .text.HAL_RCC_GetHCLKFreq
                0x08001198       0x20 ./Drivers/STM32L5xx_HAL_Driver/Src/stm32l5xx_hal_rcc.o
                0x08001198                HAL_RCC_GetHCLKFreq
 .text.HAL_RCC_OscConfig
                0x080011b8      0x7b4 ./Drivers/STM32L5xx_HAL_Driver/Src/stm32l5xx_hal_rcc.o
                0x080011b8                HAL_RCC_OscConfig
 .text.HAL_RCC_ClockConfig
                0x0800196c      0x1fc ./Drivers/STM32L5xx_HAL_Driver/Src/stm32l5xx_hal_rcc.o
                0x0800196c                HAL_RCC_ClockConfig
 .text.HAL_RCC_GetPCLK1Freq
                0x08001b68       0x20 ./Drivers/STM32L5xx_HAL_Driver/Src/stm32l5xx_hal_rcc.o
                0x08001b68                HAL_RCC_GetPCLK1Freq
 .text.HAL_RCC_GetPCLK2Freq
                0x08001b88       0x20 ./Drivers/STM32L5xx_HAL_Driver/Src/stm32l5xx_hal_rcc.o
                0x08001b88                HAL_RCC_GetPCLK2Freq
 .text.RCCEx_PLLSAI2_Config
                0x08001ba8       0xe0 ./Drivers/STM32L5xx_HAL_Driver/Src/stm32l5xx_hal_rcc_ex.o
 .text.RCCEx_PLLSAI1_Config
                0x08001c88      0x144 ./Drivers/STM32L5xx_HAL_Driver/Src/stm32l5xx_hal_rcc_ex.o
 .text.HAL_RCCEx_PeriphCLKConfig
                0x08001dcc      0x554 ./Drivers/STM32L5xx_HAL_Driver/Src/stm32l5xx_hal_rcc_ex.o
                0x08001dcc                HAL_RCCEx_PeriphCLKConfig
 .text.TIM_OC1_SetConfig
                0x08002320       0x9c ./Drivers/STM32L5xx_HAL_Driver/Src/stm32l5xx_hal_tim.o
 .text.TIM_OC3_SetConfig
                0x080023bc       0x8c ./Drivers/STM32L5xx_HAL_Driver/Src/stm32l5xx_hal_tim.o
 .text.TIM_OC4_SetConfig
                0x08002448       0x6c ./Drivers/STM32L5xx_HAL_Driver/Src/stm32l5xx_hal_tim.o
 .text.TIM_OC5_SetConfig
                0x080024b4       0x68 ./Drivers/STM32L5xx_HAL_Driver/Src/stm32l5xx_hal_tim.o
 .text.TIM_OC6_SetConfig
                0x0800251c       0x6c ./Drivers/STM32L5xx_HAL_Driver/Src/stm32l5xx_hal_tim.o
 .text.TIM_TI1_ConfigInputStage
                0x08002588       0x26 ./Drivers/STM32L5xx_HAL_Driver/Src/stm32l5xx_hal_tim.o
 .text.TIM_TI2_ConfigInputStage
                0x080025ae       0x28 ./Drivers/STM32L5xx_HAL_Driver/Src/stm32l5xx_hal_tim.o
 .text.TIM_ITRx_SetConfig
                0x080025d6       0x14 ./Drivers/STM32L5xx_HAL_Driver/Src/stm32l5xx_hal_tim.o
 *fill*         0x080025ea        0x2 
 .text.HAL_TIM_Base_Start
                0x080025ec       0x84 ./Drivers/STM32L5xx_HAL_Driver/Src/stm32l5xx_hal_tim.o
                0x080025ec                HAL_TIM_Base_Start
 .text.HAL_TIM_OC_MspInit
                0x08002670        0x2 ./Drivers/STM32L5xx_HAL_Driver/Src/stm32l5xx_hal_tim.o
                0x08002670                HAL_TIM_OC_MspInit
 .text.HAL_TIM_PWM_MspInit
                0x08002672        0x2 ./Drivers/STM32L5xx_HAL_Driver/Src/stm32l5xx_hal_tim.o
                0x08002672                HAL_TIM_PWM_MspInit
 .text.HAL_TIM_OnePulse_MspInit
                0x08002674        0x2 ./Drivers/STM32L5xx_HAL_Driver/Src/stm32l5xx_hal_tim.o
                0x08002674                HAL_TIM_OnePulse_MspInit
 *fill*         0x08002676        0x2 
 .text.TIM_Base_SetConfig
                0x08002678       0xd8 ./Drivers/STM32L5xx_HAL_Driver/Src/stm32l5xx_hal_tim.o
                0x08002678                TIM_Base_SetConfig
 .text.HAL_TIM_Base_Init
                0x08002750       0x60 ./Drivers/STM32L5xx_HAL_Driver/Src/stm32l5xx_hal_tim.o
                0x08002750                HAL_TIM_Base_Init
 .text.HAL_TIM_OC_Init
                0x080027b0       0x60 ./Drivers/STM32L5xx_HAL_Driver/Src/stm32l5xx_hal_tim.o
                0x080027b0                HAL_TIM_OC_Init
 .text.HAL_TIM_PWM_Init
                0x08002810       0x60 ./Drivers/STM32L5xx_HAL_Driver/Src/stm32l5xx_hal_tim.o
                0x08002810                HAL_TIM_PWM_Init
 .text.HAL_TIM_OnePulse_Init
                0x08002870       0x5c ./Drivers/STM32L5xx_HAL_Driver/Src/stm32l5xx_hal_tim.o
                0x08002870                HAL_TIM_OnePulse_Init
 .text.TIM_OC2_SetConfig
                0x080028cc       0x8c ./Drivers/STM32L5xx_HAL_Driver/Src/stm32l5xx_hal_tim.o
                0x080028cc                TIM_OC2_SetConfig
 .text.HAL_TIM_OC_ConfigChannel
                0x08002958       0x7a ./Drivers/STM32L5xx_HAL_Driver/Src/stm32l5xx_hal_tim.o
                0x08002958                HAL_TIM_OC_ConfigChannel
 .text.HAL_TIM_PWM_ConfigChannel
                0x080029d2      0x13a ./Drivers/STM32L5xx_HAL_Driver/Src/stm32l5xx_hal_tim.o
                0x080029d2                HAL_TIM_PWM_ConfigChannel
 .text.TIM_ETR_SetConfig
                0x08002b0c       0x1a ./Drivers/STM32L5xx_HAL_Driver/Src/stm32l5xx_hal_tim.o
                0x08002b0c                TIM_ETR_SetConfig
 *fill*         0x08002b26        0x2 
 .text.HAL_TIM_ConfigClockSource
                0x08002b28      0x100 ./Drivers/STM32L5xx_HAL_Driver/Src/stm32l5xx_hal_tim.o
                0x08002b28                HAL_TIM_ConfigClockSource
 .text.TIM_SlaveTimer_SetConfig
                0x08002c28       0xc0 ./Drivers/STM32L5xx_HAL_Driver/Src/stm32l5xx_hal_tim.o
 .text.HAL_TIM_SlaveConfigSynchro
                0x08002ce8       0x52 ./Drivers/STM32L5xx_HAL_Driver/Src/stm32l5xx_hal_tim.o
                0x08002ce8                HAL_TIM_SlaveConfigSynchro
 .text.TIM_CCxChannelCmd
                0x08002d3a       0x1e ./Drivers/STM32L5xx_HAL_Driver/Src/stm32l5xx_hal_tim.o
                0x08002d3a                TIM_CCxChannelCmd
 .text.HAL_TIM_PWM_Start
                0x08002d58      0x168 ./Drivers/STM32L5xx_HAL_Driver/Src/stm32l5xx_hal_tim.o
                0x08002d58                HAL_TIM_PWM_Start
 .text.HAL_TIMEx_MasterConfigSynchronization
                0x08002ec0       0x98 ./Drivers/STM32L5xx_HAL_Driver/Src/stm32l5xx_hal_tim_ex.o
                0x08002ec0                HAL_TIMEx_MasterConfigSynchronization
 .text.UART_EndRxTransfer
                0x08002f58       0x56 ./Drivers/STM32L5xx_HAL_Driver/Src/stm32l5xx_hal_uart.o
 *fill*         0x08002fae        0x2 
 .text.UART_SetConfig
                0x08002fb0      0x390 ./Drivers/STM32L5xx_HAL_Driver/Src/stm32l5xx_hal_uart.o
                0x08002fb0                UART_SetConfig
 .text.UART_AdvFeatureConfig
                0x08003340       0xca ./Drivers/STM32L5xx_HAL_Driver/Src/stm32l5xx_hal_uart.o
                0x08003340                UART_AdvFeatureConfig
 .text.UART_WaitOnFlagUntilTimeout
                0x0800340a       0x9e ./Drivers/STM32L5xx_HAL_Driver/Src/stm32l5xx_hal_uart.o
                0x0800340a                UART_WaitOnFlagUntilTimeout
 .text.HAL_UART_Transmit
                0x080034a8       0xd2 ./Drivers/STM32L5xx_HAL_Driver/Src/stm32l5xx_hal_uart.o
                0x080034a8                HAL_UART_Transmit
 .text.UART_CheckIdleState
                0x0800357a       0xca ./Drivers/STM32L5xx_HAL_Driver/Src/stm32l5xx_hal_uart.o
                0x0800357a                UART_CheckIdleState
 .text.HAL_UART_Init
                0x08003644       0x66 ./Drivers/STM32L5xx_HAL_Driver/Src/stm32l5xx_hal_uart.o
                0x08003644                HAL_UART_Init
 *fill*         0x080036aa        0x2 
 .text.UARTEx_SetNbDataToProcess
                0x080036ac       0x4c ./Drivers/STM32L5xx_HAL_Driver/Src/stm32l5xx_hal_uart_ex.o
 .text.HAL_UARTEx_DisableFifoMode
                0x080036f8       0x3e ./Drivers/STM32L5xx_HAL_Driver/Src/stm32l5xx_hal_uart_ex.o
                0x080036f8                HAL_UARTEx_DisableFifoMode
 .text.HAL_UARTEx_SetTxFifoThreshold
                0x08003736       0x4a ./Drivers/STM32L5xx_HAL_Driver/Src/stm32l5xx_hal_uart_ex.o
                0x08003736                HAL_UARTEx_SetTxFifoThreshold
 .text.HAL_UARTEx_SetRxFifoThreshold
                0x08003780       0x4a ./Drivers/STM32L5xx_HAL_Driver/Src/stm32l5xx_hal_uart_ex.o
                0x08003780                HAL_UARTEx_SetRxFifoThreshold
 .text.memset   0x080037ca       0x10 /home/amd/st/stm32cubeide_1.18.1/plugins/com.st.stm32cube.ide.mcu.externaltools.gnu-tools-for-stm32.13.3.rel1.linux64_1.0.0.202410170706/tools/bin/../lib/gcc/arm-none-eabi/13.3.1/../../../../arm-none-eabi/lib/thumb/v8-m.main+fp/hard/libc_nano.a(libc_a-memset.o)
                0x080037ca                memset
 *fill*         0x080037da        0x2 
 .text.__libc_init_array
                0x080037dc       0x48 /home/amd/st/stm32cubeide_1.18.1/plugins/com.st.stm32cube.ide.mcu.externaltools.gnu-tools-for-stm32.13.3.rel1.linux64_1.0.0.202410170706/tools/bin/../lib/gcc/arm-none-eabi/13.3.1/../../../../arm-none-eabi/lib/thumb/v8-m.main+fp/hard/libc_nano.a(libc_a-init.o)
                0x080037dc                __libc_init_array
 *(.glue_7)
 .glue_7        0x08003824        0x0 linker stubs
 *(.glue_7t)
 .glue_7t       0x08003824        0x0 linker stubs
 *(.eh_frame)
 .eh_frame      0x08003824        0x0 /home/amd/st/stm32cubeide_1.18.1/plugins/com.st.stm32cube.ide.mcu.externaltools.gnu-tools-for-stm32.13.3.rel1.linux64_1.0.0.202410170706/tools/bin/../lib/gcc/arm-none-eabi/13.3.1/thumb/v8-m.main+fp/hard/crtbegin.o
 *(.init)
 .init          0x08003824        0x4 /home/amd/st/stm32cubeide_1.18.1/plugins/com.st.stm32cube.ide.mcu.externaltools.gnu-tools-for-stm32.13.3.rel1.linux64_1.0.0.202410170706/tools/bin/../lib/gcc/arm-none-eabi/13.3.1/thumb/v8-m.main+fp/hard/crti.o
                0x08003824                _init
 .init          0x08003828        0x8 /home/amd/st/stm32cubeide_1.18.1/plugins/com.st.stm32cube.ide.mcu.externaltools.gnu-tools-for-stm32.13.3.rel1.linux64_1.0.0.202410170706/tools/bin/../lib/gcc/arm-none-eabi/13.3.1/thumb/v8-m.main+fp/hard/crtn.o
 *(.fini)
 .fini          0x08003830        0x4 /home/amd/st/stm32cubeide_1.18.1/plugins/com.st.stm32cube.ide.mcu.externaltools.gnu-tools-for-stm32.13.3.rel1.linux64_1.0.0.202410170706/tools/bin/../lib/gcc/arm-none-eabi/13.3.1/thumb/v8-m.main+fp/hard/crti.o
                0x08003830                _fini
 .fini          0x08003834        0x8 /home/amd/st/stm32cubeide_1.18.1/plugins/com.st.stm32cube.ide.mcu.externaltools.gnu-tools-for-stm32.13.3.rel1.linux64_1.0.0.202410170706/tools/bin/../lib/gcc/arm-none-eabi/13.3.1/thumb/v8-m.main+fp/hard/crtn.o
                0x0800383c                        . = ALIGN (0x4)
                0x0800383c                        _etext = .

.vfp11_veneer   0x0800383c        0x0
 .vfp11_veneer  0x0800383c        0x0 linker stubs

.v4_bx          0x0800383c        0x0
 .v4_bx         0x0800383c        0x0 linker stubs

.iplt           0x0800383c        0x0
 .iplt          0x0800383c        0x0 /home/amd/st/stm32cubeide_1.18.1/plugins/com.st.stm32cube.ide.mcu.externaltools.gnu-tools-for-stm32.13.3.rel1.linux64_1.0.0.202410170706/tools/bin/../lib/gcc/arm-none-eabi/13.3.1/thumb/v8-m.main+fp/hard/crtbegin.o

.rodata         0x0800383c       0x94
                0x0800383c                        . = ALIGN (0x4)
 *(.rodata)
 *(.rodata*)
 .rodata.main.str1.4
                0x0800383c       0x13 ./Core/Src/main.o
 *fill*         0x0800384f        0x1 
 .rodata.MSIRangeTable
                0x08003850       0x40 ./Core/Src/system_stm32l5xx.o
                0x08003850                MSIRangeTable
 .rodata.APBPrescTable
                0x08003890        0x8 ./Core/Src/system_stm32l5xx.o
                0x08003890                APBPrescTable
 .rodata.AHBPrescTable
                0x08003898       0x10 ./Core/Src/system_stm32l5xx.o
                0x08003898                AHBPrescTable
 .rodata.UARTPrescTable
                0x080038a8       0x18 ./Drivers/STM32L5xx_HAL_Driver/Src/stm32l5xx_hal_uart.o
                0x080038a8                UARTPrescTable
 .rodata.denominator.0
                0x080038c0        0x8 ./Drivers/STM32L5xx_HAL_Driver/Src/stm32l5xx_hal_uart_ex.o
 .rodata.numerator.1
                0x080038c8        0x8 ./Drivers/STM32L5xx_HAL_Driver/Src/stm32l5xx_hal_uart_ex.o
                0x080038d0                        . = ALIGN (0x4)

.ARM.extab      0x080038d0        0x0
                0x080038d0                        . = ALIGN (0x4)
 *(.ARM.extab* .gnu.linkonce.armextab.*)
                0x080038d0                        . = ALIGN (0x4)

.ARM            0x080038d0        0x8
                0x080038d0                        . = ALIGN (0x4)
                0x080038d0                        __exidx_start = .
 *(.ARM.exidx*)
 .ARM.exidx     0x080038d0        0x8 /home/amd/st/stm32cubeide_1.18.1/plugins/com.st.stm32cube.ide.mcu.externaltools.gnu-tools-for-stm32.13.3.rel1.linux64_1.0.0.202410170706/tools/bin/../lib/gcc/arm-none-eabi/13.3.1/thumb/v8-m.main+fp/hard/libgcc.a(_udivmoddi4.o)
                0x080038d8                        __exidx_end = .
                0x080038d8                        . = ALIGN (0x4)

.preinit_array  0x080038d8        0x0
                0x080038d8                        . = ALIGN (0x4)
                0x080038d8                        PROVIDE (__preinit_array_start = .)
 *(.preinit_array*)
                0x080038d8                        PROVIDE (__preinit_array_end = .)
                0x080038d8                        . = ALIGN (0x4)

.init_array     0x080038d8        0x4
                0x080038d8                        . = ALIGN (0x4)
                0x080038d8                        PROVIDE (__init_array_start = .)
 *(SORT_BY_NAME(.init_array.*))
 *(.init_array*)
 .init_array    0x080038d8        0x4 /home/amd/st/stm32cubeide_1.18.1/plugins/com.st.stm32cube.ide.mcu.externaltools.gnu-tools-for-stm32.13.3.rel1.linux64_1.0.0.202410170706/tools/bin/../lib/gcc/arm-none-eabi/13.3.1/thumb/v8-m.main+fp/hard/crtbegin.o
                0x080038dc                        PROVIDE (__init_array_end = .)
                0x080038dc                        . = ALIGN (0x4)

.fini_array     0x080038dc        0x4
                0x080038dc                        . = ALIGN (0x4)
                [!provide]                        PROVIDE (__fini_array_start = .)
 *(SORT_BY_NAME(.fini_array.*))
 *(.fini_array*)
 .fini_array    0x080038dc        0x4 /home/amd/st/stm32cubeide_1.18.1/plugins/com.st.stm32cube.ide.mcu.externaltools.gnu-tools-for-stm32.13.3.rel1.linux64_1.0.0.202410170706/tools/bin/../lib/gcc/arm-none-eabi/13.3.1/thumb/v8-m.main+fp/hard/crtbegin.o
                [!provide]                        PROVIDE (__fini_array_end = .)
                0x080038e0                        . = ALIGN (0x4)
                0x080038e0                        _sidata = LOADADDR (.data)

.rel.dyn        0x080038e0        0x0
 .rel.iplt      0x080038e0        0x0 /home/amd/st/stm32cubeide_1.18.1/plugins/com.st.stm32cube.ide.mcu.externaltools.gnu-tools-for-stm32.13.3.rel1.linux64_1.0.0.202410170706/tools/bin/../lib/gcc/arm-none-eabi/13.3.1/thumb/v8-m.main+fp/hard/crtbegin.o

.data           0x20000000        0xc load address 0x080038e0
                0x20000000                        . = ALIGN (0x4)
                0x20000000                        _sdata = .
 *(.data)
 *(.data*)
 .data.SystemCoreClock
                0x20000000        0x4 ./Core/Src/system_stm32l5xx.o
                0x20000000                SystemCoreClock
 .data.uwTickFreq
                0x20000004        0x1 ./Drivers/STM32L5xx_HAL_Driver/Src/stm32l5xx_hal.o
                0x20000004                uwTickFreq
 *fill*         0x20000005        0x3 
 .data.uwTickPrio
                0x20000008        0x4 ./Drivers/STM32L5xx_HAL_Driver/Src/stm32l5xx_hal.o
                0x20000008                uwTickPrio
 *(.RamFunc)
 *(.RamFunc*)
                0x2000000c                        . = ALIGN (0x4)
                0x2000000c                        _edata = .

.igot.plt       0x2000000c        0x0 load address 0x080038ec
 .igot.plt      0x2000000c        0x0 /home/amd/st/stm32cubeide_1.18.1/plugins/com.st.stm32cube.ide.mcu.externaltools.gnu-tools-for-stm32.13.3.rel1.linux64_1.0.0.202410170706/tools/bin/../lib/gcc/arm-none-eabi/13.3.1/thumb/v8-m.main+fp/hard/crtbegin.o
                0x2000000c                        . = ALIGN (0x4)

.bss            0x2000000c      0x14c load address 0x080038ec
                0x2000000c                        _sbss = .
                0x2000000c                        __bss_start__ = _sbss
 *(.bss)
 .bss           0x2000000c       0x1c /home/amd/st/stm32cubeide_1.18.1/plugins/com.st.stm32cube.ide.mcu.externaltools.gnu-tools-for-stm32.13.3.rel1.linux64_1.0.0.202410170706/tools/bin/../lib/gcc/arm-none-eabi/13.3.1/thumb/v8-m.main+fp/hard/crtbegin.o
 *(.bss*)
 .bss.huart4    0x20000028       0x94 ./Core/Src/main.o
                0x20000028                huart4
 .bss.htim5     0x200000bc       0x4c ./Core/Src/main.o
                0x200000bc                htim5
 .bss.htim2     0x20000108       0x4c ./Core/Src/main.o
                0x20000108                htim2
 .bss.uwTick    0x20000154        0x4 ./Drivers/STM32L5xx_HAL_Driver/Src/stm32l5xx_hal.o
                0x20000154                uwTick
 *(COMMON)
                0x20000158                        . = ALIGN (0x4)
                0x20000158                        _ebss = .
                0x20000158                        __bss_end__ = _ebss

._user_heap_stack
                0x20000158      0x600 load address 0x080038ec
                0x20000158                        . = ALIGN (0x8)
                [!provide]                        PROVIDE (end = .)
                0x20000158                        PROVIDE (_end = .)
                0x20000358                        . = (. + _Min_Heap_Size)
 *fill*         0x20000158      0x200 
                0x20000758                        . = (. + _Min_Stack_Size)
 *fill*         0x20000358      0x400 
                0x20000758                        . = ALIGN (0x8)

/DISCARD/
 libc.a(*)
 libm.a(*)
 libgcc.a(*)

.ARM.attributes
                0x00000000       0x36
 *(.ARM.attributes)
 .ARM.attributes
                0x00000000       0x26 /home/amd/st/stm32cubeide_1.18.1/plugins/com.st.stm32cube.ide.mcu.externaltools.gnu-tools-for-stm32.13.3.rel1.linux64_1.0.0.202410170706/tools/bin/../lib/gcc/arm-none-eabi/13.3.1/thumb/v8-m.main+fp/hard/crti.o
 .ARM.attributes
                0x00000026       0x38 /home/amd/st/stm32cubeide_1.18.1/plugins/com.st.stm32cube.ide.mcu.externaltools.gnu-tools-for-stm32.13.3.rel1.linux64_1.0.0.202410170706/tools/bin/../lib/gcc/arm-none-eabi/13.3.1/thumb/v8-m.main+fp/hard/crtbegin.o
 .ARM.attributes
                0x0000005e       0x3a ./Core/Src/main.o
 .ARM.attributes
                0x00000098       0x3a ./Core/Src/stm32l5xx_hal_msp.o
 .ARM.attributes
                0x000000d2       0x3a ./Core/Src/stm32l5xx_it.o
 .ARM.attributes
                0x0000010c       0x3a ./Core/Src/system_stm32l5xx.o
 .ARM.attributes
                0x00000146       0x24 ./Core/Startup/startup_stm32l562qeix.o
 .ARM.attributes
                0x0000016a       0x3a ./Drivers/STM32L5xx_HAL_Driver/Src/stm32l5xx_hal.o
 .ARM.attributes
                0x000001a4       0x3a ./Drivers/STM32L5xx_HAL_Driver/Src/stm32l5xx_hal_cortex.o
 .ARM.attributes
                0x000001de       0x3a ./Drivers/STM32L5xx_HAL_Driver/Src/stm32l5xx_hal_gpio.o
 .ARM.attributes
                0x00000218       0x3a ./Drivers/STM32L5xx_HAL_Driver/Src/stm32l5xx_hal_pwr_ex.o
 .ARM.attributes
                0x00000252       0x3a ./Drivers/STM32L5xx_HAL_Driver/Src/stm32l5xx_hal_rcc.o
 .ARM.attributes
                0x0000028c       0x3a ./Drivers/STM32L5xx_HAL_Driver/Src/stm32l5xx_hal_rcc_ex.o
 .ARM.attributes
                0x000002c6       0x3a ./Drivers/STM32L5xx_HAL_Driver/Src/stm32l5xx_hal_tim.o
 .ARM.attributes
                0x00000300       0x3a ./Drivers/STM32L5xx_HAL_Driver/Src/stm32l5xx_hal_tim_ex.o
 .ARM.attributes
                0x0000033a       0x3a ./Drivers/STM32L5xx_HAL_Driver/Src/stm32l5xx_hal_uart.o
 .ARM.attributes
                0x00000374       0x3a ./Drivers/STM32L5xx_HAL_Driver/Src/stm32l5xx_hal_uart_ex.o
 .ARM.attributes
                0x000003ae       0x38 /home/amd/st/stm32cubeide_1.18.1/plugins/com.st.stm32cube.ide.mcu.externaltools.gnu-tools-for-stm32.13.3.rel1.linux64_1.0.0.202410170706/tools/bin/../lib/gcc/arm-none-eabi/13.3.1/../../../../arm-none-eabi/lib/thumb/v8-m.main+fp/hard/libc_nano.a(libc_a-memset.o)
 .ARM.attributes
                0x000003e6       0x38 /home/amd/st/stm32cubeide_1.18.1/plugins/com.st.stm32cube.ide.mcu.externaltools.gnu-tools-for-stm32.13.3.rel1.linux64_1.0.0.202410170706/tools/bin/../lib/gcc/arm-none-eabi/13.3.1/../../../../arm-none-eabi/lib/thumb/v8-m.main+fp/hard/libc_nano.a(libc_a-init.o)
 .ARM.attributes
                0x0000041e       0x26 /home/amd/st/stm32cubeide_1.18.1/plugins/com.st.stm32cube.ide.mcu.externaltools.gnu-tools-for-stm32.13.3.rel1.linux64_1.0.0.202410170706/tools/bin/../lib/gcc/arm-none-eabi/13.3.1/thumb/v8-m.main+fp/hard/libgcc.a(_aeabi_uldivmod.o)
 .ARM.attributes
                0x00000444       0x38 /home/amd/st/stm32cubeide_1.18.1/plugins/com.st.stm32cube.ide.mcu.externaltools.gnu-tools-for-stm32.13.3.rel1.linux64_1.0.0.202410170706/tools/bin/../lib/gcc/arm-none-eabi/13.3.1/thumb/v8-m.main+fp/hard/libgcc.a(_udivmoddi4.o)
 .ARM.attributes
                0x0000047c       0x26 /home/amd/st/stm32cubeide_1.18.1/plugins/com.st.stm32cube.ide.mcu.externaltools.gnu-tools-for-stm32.13.3.rel1.linux64_1.0.0.202410170706/tools/bin/../lib/gcc/arm-none-eabi/13.3.1/thumb/v8-m.main+fp/hard/libgcc.a(_dvmd_tls.o)
 .ARM.attributes
                0x000004a2       0x26 /home/amd/st/stm32cubeide_1.18.1/plugins/com.st.stm32cube.ide.mcu.externaltools.gnu-tools-for-stm32.13.3.rel1.linux64_1.0.0.202410170706/tools/bin/../lib/gcc/arm-none-eabi/13.3.1/thumb/v8-m.main+fp/hard/crtn.o
OUTPUT(Device_Driver_Project.elf elf32-littlearm)
LOAD linker stubs
LOAD /home/amd/st/stm32cubeide_1.18.1/plugins/com.st.stm32cube.ide.mcu.externaltools.gnu-tools-for-stm32.13.3.rel1.linux64_1.0.0.202410170706/tools/bin/../lib/gcc/arm-none-eabi/13.3.1/../../../../arm-none-eabi/lib/thumb/v8-m.main+fp/hard/libc.a
LOAD /home/amd/st/stm32cubeide_1.18.1/plugins/com.st.stm32cube.ide.mcu.externaltools.gnu-tools-for-stm32.13.3.rel1.linux64_1.0.0.202410170706/tools/bin/../lib/gcc/arm-none-eabi/13.3.1/../../../../arm-none-eabi/lib/thumb/v8-m.main+fp/hard/libm.a
LOAD /home/amd/st/stm32cubeide_1.18.1/plugins/com.st.stm32cube.ide.mcu.externaltools.gnu-tools-for-stm32.13.3.rel1.linux64_1.0.0.202410170706/tools/bin/../lib/gcc/arm-none-eabi/13.3.1/thumb/v8-m.main+fp/hard/libgcc.a

.debug_info     0x00000000    0x16ab7
 .debug_info    0x00000000     0x1a9b ./Core/Src/main.o
 .debug_info    0x00001a9b     0x14c3 ./Core/Src/stm32l5xx_hal_msp.o
 .debug_info    0x00002f5e      0x121 ./Core/Src/stm32l5xx_it.o
 .debug_info    0x0000307f      0x800 ./Core/Src/system_stm32l5xx.o
 .debug_info    0x0000387f       0x30 ./Core/Startup/startup_stm32l562qeix.o
 .debug_info    0x000038af      0xded ./Drivers/STM32L5xx_HAL_Driver/Src/stm32l5xx_hal.o
 .debug_info    0x0000469c     0x13f3 ./Drivers/STM32L5xx_HAL_Driver/Src/stm32l5xx_hal_cortex.o
 .debug_info    0x00005a8f      0x61d ./Drivers/STM32L5xx_HAL_Driver/Src/stm32l5xx_hal_gpio.o
 .debug_info    0x000060ac      0xe6b ./Drivers/STM32L5xx_HAL_Driver/Src/stm32l5xx_hal_pwr_ex.o
 .debug_info    0x00006f17     0x127b ./Drivers/STM32L5xx_HAL_Driver/Src/stm32l5xx_hal_rcc.o
 .debug_info    0x00008192     0x1637 ./Drivers/STM32L5xx_HAL_Driver/Src/stm32l5xx_hal_rcc_ex.o
 .debug_info    0x000097c9     0x3e49 ./Drivers/STM32L5xx_HAL_Driver/Src/stm32l5xx_hal_tim.o
 .debug_info    0x0000d612     0x1f58 ./Drivers/STM32L5xx_HAL_Driver/Src/stm32l5xx_hal_tim_ex.o
 .debug_info    0x0000f56a     0x62e0 ./Drivers/STM32L5xx_HAL_Driver/Src/stm32l5xx_hal_uart.o
 .debug_info    0x0001584a     0x126d ./Drivers/STM32L5xx_HAL_Driver/Src/stm32l5xx_hal_uart_ex.o

.debug_abbrev   0x00000000     0x232d
 .debug_abbrev  0x00000000      0x2f3 ./Core/Src/main.o
 .debug_abbrev  0x000002f3      0x24e ./Core/Src/stm32l5xx_hal_msp.o
 .debug_abbrev  0x00000541       0x7e ./Core/Src/stm32l5xx_it.o
 .debug_abbrev  0x000005bf      0x131 ./Core/Src/system_stm32l5xx.o
 .debug_abbrev  0x000006f0       0x24 ./Core/Startup/startup_stm32l562qeix.o
 .debug_abbrev  0x00000714      0x2bd ./Drivers/STM32L5xx_HAL_Driver/Src/stm32l5xx_hal.o
 .debug_abbrev  0x000009d1      0x3a1 ./Drivers/STM32L5xx_HAL_Driver/Src/stm32l5xx_hal_cortex.o
 .debug_abbrev  0x00000d72      0x1f1 ./Drivers/STM32L5xx_HAL_Driver/Src/stm32l5xx_hal_gpio.o
 .debug_abbrev  0x00000f63      0x2a5 ./Drivers/STM32L5xx_HAL_Driver/Src/stm32l5xx_hal_pwr_ex.o
 .debug_abbrev  0x00001208      0x2c9 ./Drivers/STM32L5xx_HAL_Driver/Src/stm32l5xx_hal_rcc.o
 .debug_abbrev  0x000014d1      0x2ce ./Drivers/STM32L5xx_HAL_Driver/Src/stm32l5xx_hal_rcc_ex.o
 .debug_abbrev  0x0000179f      0x272 ./Drivers/STM32L5xx_HAL_Driver/Src/stm32l5xx_hal_tim.o
 .debug_abbrev  0x00001a11      0x285 ./Drivers/STM32L5xx_HAL_Driver/Src/stm32l5xx_hal_tim_ex.o
 .debug_abbrev  0x00001c96      0x351 ./Drivers/STM32L5xx_HAL_Driver/Src/stm32l5xx_hal_uart.o
 .debug_abbrev  0x00001fe7      0x346 ./Drivers/STM32L5xx_HAL_Driver/Src/stm32l5xx_hal_uart_ex.o

.debug_aranges  0x00000000      0xfb8
 .debug_aranges
                0x00000000       0x50 ./Core/Src/main.o
 .debug_aranges
                0x00000050       0x48 ./Core/Src/stm32l5xx_hal_msp.o
 .debug_aranges
                0x00000098       0x60 ./Core/Src/stm32l5xx_it.o
 .debug_aranges
                0x000000f8       0x28 ./Core/Src/system_stm32l5xx.o
 .debug_aranges
                0x00000120       0x28 ./Core/Startup/startup_stm32l562qeix.o
 .debug_aranges
                0x00000148      0x130 ./Drivers/STM32L5xx_HAL_Driver/Src/stm32l5xx_hal.o
 .debug_aranges
                0x00000278      0x108 ./Drivers/STM32L5xx_HAL_Driver/Src/stm32l5xx_hal_cortex.o
 .debug_aranges
                0x00000380       0x60 ./Drivers/STM32L5xx_HAL_Driver/Src/stm32l5xx_hal_gpio.o
 .debug_aranges
                0x000003e0      0x1b8 ./Drivers/STM32L5xx_HAL_Driver/Src/stm32l5xx_hal_pwr_ex.o
 .debug_aranges
                0x00000598       0xa8 ./Drivers/STM32L5xx_HAL_Driver/Src/stm32l5xx_hal_rcc.o
 .debug_aranges
                0x00000640      0x118 ./Drivers/STM32L5xx_HAL_Driver/Src/stm32l5xx_hal_rcc_ex.o
 .debug_aranges
                0x00000758      0x3e0 ./Drivers/STM32L5xx_HAL_Driver/Src/stm32l5xx_hal_tim.o
 .debug_aranges
                0x00000b38      0x190 ./Drivers/STM32L5xx_HAL_Driver/Src/stm32l5xx_hal_tim_ex.o
 .debug_aranges
                0x00000cc8      0x248 ./Drivers/STM32L5xx_HAL_Driver/Src/stm32l5xx_hal_uart.o
 .debug_aranges
                0x00000f10       0xa8 ./Drivers/STM32L5xx_HAL_Driver/Src/stm32l5xx_hal_uart_ex.o

.debug_rnglists
                0x00000000      0xc2d
 .debug_rnglists
                0x00000000       0x39 ./Core/Src/main.o
 .debug_rnglists
                0x00000039       0x33 ./Core/Src/stm32l5xx_hal_msp.o
 .debug_rnglists
                0x0000006c       0x43 ./Core/Src/stm32l5xx_it.o
 .debug_rnglists
                0x000000af       0x1a ./Core/Src/system_stm32l5xx.o
 .debug_rnglists
                0x000000c9       0x19 ./Core/Startup/startup_stm32l562qeix.o
 .debug_rnglists
                0x000000e2       0xdf ./Drivers/STM32L5xx_HAL_Driver/Src/stm32l5xx_hal.o
 .debug_rnglists
                0x000001c1       0xc1 ./Drivers/STM32L5xx_HAL_Driver/Src/stm32l5xx_hal_cortex.o
 .debug_rnglists
                0x00000282       0x45 ./Drivers/STM32L5xx_HAL_Driver/Src/stm32l5xx_hal_gpio.o
 .debug_rnglists
                0x000002c7      0x14d ./Drivers/STM32L5xx_HAL_Driver/Src/stm32l5xx_hal_pwr_ex.o
 .debug_rnglists
                0x00000414       0x8f ./Drivers/STM32L5xx_HAL_Driver/Src/stm32l5xx_hal_rcc.o
 .debug_rnglists
                0x000004a3       0xe8 ./Drivers/STM32L5xx_HAL_Driver/Src/stm32l5xx_hal_rcc_ex.o
 .debug_rnglists
                0x0000058b      0x313 ./Drivers/STM32L5xx_HAL_Driver/Src/stm32l5xx_hal_tim.o
 .debug_rnglists
                0x0000089e      0x13c ./Drivers/STM32L5xx_HAL_Driver/Src/stm32l5xx_hal_tim_ex.o
 .debug_rnglists
                0x000009da      0x1cb ./Drivers/STM32L5xx_HAL_Driver/Src/stm32l5xx_hal_uart.o
 .debug_rnglists
                0x00000ba5       0x88 ./Drivers/STM32L5xx_HAL_Driver/Src/stm32l5xx_hal_uart_ex.o

.debug_macro    0x00000000    0x298a3
 .debug_macro   0x00000000      0x2c8 ./Core/Src/main.o
 .debug_macro   0x000002c8      0xade ./Core/Src/main.o
 .debug_macro   0x00000da6      0x196 ./Core/Src/main.o
 .debug_macro   0x00000f3c       0x2e ./Core/Src/main.o
 .debug_macro   0x00000f6a       0x42 ./Core/Src/main.o
 .debug_macro   0x00000fac       0x22 ./Core/Src/main.o
 .debug_macro   0x00000fce       0x8e ./Core/Src/main.o
 .debug_macro   0x0000105c       0x51 ./Core/Src/main.o
 .debug_macro   0x000010ad      0x103 ./Core/Src/main.o
 .debug_macro   0x000011b0       0x6a ./Core/Src/main.o
 .debug_macro   0x0000121a      0x1df ./Core/Src/main.o
 .debug_macro   0x000013f9       0x1c ./Core/Src/main.o
 .debug_macro   0x00001415       0x29 ./Core/Src/main.o
 .debug_macro   0x0000143e       0xfb ./Core/Src/main.o
 .debug_macro   0x00001539     0x1336 ./Core/Src/main.o
 .debug_macro   0x0000286f       0x5e ./Core/Src/main.o
 .debug_macro   0x000028cd    0x1bca6 ./Core/Src/main.o
 .debug_macro   0x0001e573       0x6c ./Core/Src/main.o
 .debug_macro   0x0001e5df     0x353c ./Core/Src/main.o
 .debug_macro   0x00021b1b      0x190 ./Core/Src/main.o
 .debug_macro   0x00021cab       0x5d ./Core/Src/main.o
 .debug_macro   0x00021d08     0x19cd ./Core/Src/main.o
 .debug_macro   0x000236d5      0xa52 ./Core/Src/main.o
 .debug_macro   0x00024127      0x1cf ./Core/Src/main.o
 .debug_macro   0x000242f6      0x1d8 ./Core/Src/main.o
 .debug_macro   0x000244ce      0x4e1 ./Core/Src/main.o
 .debug_macro   0x000249af      0x1ab ./Core/Src/main.o
 .debug_macro   0x00024b5a       0x4a ./Core/Src/main.o
 .debug_macro   0x00024ba4      0x1b9 ./Core/Src/main.o
 .debug_macro   0x00024d5d      0x230 ./Core/Src/main.o
 .debug_macro   0x00024f8d      0x3bb ./Core/Src/main.o
 .debug_macro   0x00025348       0x36 ./Core/Src/main.o
 .debug_macro   0x0002537e      0x11c ./Core/Src/main.o
 .debug_macro   0x0002549a      0x22c ./Core/Src/main.o
 .debug_macro   0x000256c6       0x5b ./Core/Src/main.o
 .debug_macro   0x00025721       0xa5 ./Core/Src/main.o
 .debug_macro   0x000257c6       0xc9 ./Core/Src/main.o
 .debug_macro   0x0002588f      0x199 ./Core/Src/main.o
 .debug_macro   0x00025a28      0x487 ./Core/Src/main.o
 .debug_macro   0x00025eaf      0xabb ./Core/Src/main.o
 .debug_macro   0x0002696a      0x184 ./Core/Src/main.o
 .debug_macro   0x00026aee      0x693 ./Core/Src/main.o
 .debug_macro   0x00027181       0xa6 ./Core/Src/main.o
 .debug_macro   0x00027227      0x3f1 ./Core/Src/main.o
 .debug_macro   0x00027618       0x61 ./Core/Src/main.o
 .debug_macro   0x00027679       0x2a ./Core/Src/main.o
 .debug_macro   0x000276a3       0x43 ./Core/Src/main.o
 .debug_macro   0x000276e6       0x34 ./Core/Src/main.o
 .debug_macro   0x0002771a      0x370 ./Core/Src/main.o
 .debug_macro   0x00027a8a       0x16 ./Core/Src/main.o
 .debug_macro   0x00027aa0       0x4a ./Core/Src/main.o
 .debug_macro   0x00027aea       0x34 ./Core/Src/main.o
 .debug_macro   0x00027b1e       0x10 ./Core/Src/main.o
 .debug_macro   0x00027b2e       0x58 ./Core/Src/main.o
 .debug_macro   0x00027b86       0x8e ./Core/Src/main.o
 .debug_macro   0x00027c14       0x1c ./Core/Src/main.o
 .debug_macro   0x00027c30      0x185 ./Core/Src/main.o
 .debug_macro   0x00027db5       0x10 ./Core/Src/main.o
 .debug_macro   0x00027dc5       0x3c ./Core/Src/main.o
 .debug_macro   0x00027e01       0x20 ./Core/Src/main.o
 .debug_macro   0x00027e21      0x1fa ./Core/Src/stm32l5xx_hal_msp.o
 .debug_macro   0x0002801b      0x204 ./Core/Src/stm32l5xx_it.o
 .debug_macro   0x0002821f      0x1f0 ./Core/Src/system_stm32l5xx.o
 .debug_macro   0x0002840f      0x220 ./Drivers/STM32L5xx_HAL_Driver/Src/stm32l5xx_hal.o
 .debug_macro   0x0002862f      0x1f0 ./Drivers/STM32L5xx_HAL_Driver/Src/stm32l5xx_hal_cortex.o
 .debug_macro   0x0002881f      0x1f6 ./Drivers/STM32L5xx_HAL_Driver/Src/stm32l5xx_hal_gpio.o
 .debug_macro   0x00028a15      0x220 ./Drivers/STM32L5xx_HAL_Driver/Src/stm32l5xx_hal_pwr_ex.o
 .debug_macro   0x00028c35      0x21a ./Drivers/STM32L5xx_HAL_Driver/Src/stm32l5xx_hal_rcc.o
 .debug_macro   0x00028e4f      0x256 ./Drivers/STM32L5xx_HAL_Driver/Src/stm32l5xx_hal_rcc_ex.o
 .debug_macro   0x000290a5      0x1f1 ./Drivers/STM32L5xx_HAL_Driver/Src/stm32l5xx_hal_tim.o
 .debug_macro   0x00029296      0x1f6 ./Drivers/STM32L5xx_HAL_Driver/Src/stm32l5xx_hal_tim_ex.o
 .debug_macro   0x0002948c      0x21b ./Drivers/STM32L5xx_HAL_Driver/Src/stm32l5xx_hal_uart.o
 .debug_macro   0x000296a7      0x1fc ./Drivers/STM32L5xx_HAL_Driver/Src/stm32l5xx_hal_uart_ex.o

.debug_line     0x00000000    0x17214
 .debug_line    0x00000000      0xc42 ./Core/Src/main.o
 .debug_line    0x00000c42      0x8ea ./Core/Src/stm32l5xx_hal_msp.o
 .debug_line    0x0000152c      0x7cc ./Core/Src/stm32l5xx_it.o
 .debug_line    0x00001cf8      0x806 ./Core/Src/system_stm32l5xx.o
 .debug_line    0x000024fe       0x79 ./Core/Startup/startup_stm32l562qeix.o
 .debug_line    0x00002577      0xbf8 ./Drivers/STM32L5xx_HAL_Driver/Src/stm32l5xx_hal.o
 .debug_line    0x0000316f      0xe3d ./Drivers/STM32L5xx_HAL_Driver/Src/stm32l5xx_hal_cortex.o
 .debug_line    0x00003fac      0xc44 ./Drivers/STM32L5xx_HAL_Driver/Src/stm32l5xx_hal_gpio.o
 .debug_line    0x00004bf0     0x11b9 ./Drivers/STM32L5xx_HAL_Driver/Src/stm32l5xx_hal_pwr_ex.o
 .debug_line    0x00005da9     0x18bb ./Drivers/STM32L5xx_HAL_Driver/Src/stm32l5xx_hal_rcc.o
 .debug_line    0x00007664     0x23b0 ./Drivers/STM32L5xx_HAL_Driver/Src/stm32l5xx_hal_rcc_ex.o
 .debug_line    0x00009a14     0x515d ./Drivers/STM32L5xx_HAL_Driver/Src/stm32l5xx_hal_tim.o
 .debug_line    0x0000eb71     0x23ac ./Drivers/STM32L5xx_HAL_Driver/Src/stm32l5xx_hal_tim_ex.o
 .debug_line    0x00010f1d     0x5365 ./Drivers/STM32L5xx_HAL_Driver/Src/stm32l5xx_hal_uart.o
 .debug_line    0x00016282      0xf92 ./Drivers/STM32L5xx_HAL_Driver/Src/stm32l5xx_hal_uart_ex.o

.debug_str      0x00000000   0x10ddac
 .debug_str     0x00000000   0x10ddac ./Core/Src/main.o
                             0x109779 (size before relaxing)
 .debug_str     0x0010ddac   0x1063d4 ./Core/Src/stm32l5xx_hal_msp.o
 .debug_str     0x0010ddac   0x105559 ./Core/Src/stm32l5xx_it.o
 .debug_str     0x0010ddac   0x1057f5 ./Core/Src/system_stm32l5xx.o
 .debug_str     0x0010ddac       0x6d ./Core/Startup/startup_stm32l562qeix.o
 .debug_str     0x0010ddac   0x10638b ./Drivers/STM32L5xx_HAL_Driver/Src/stm32l5xx_hal.o
 .debug_str     0x0010ddac   0x1061ca ./Drivers/STM32L5xx_HAL_Driver/Src/stm32l5xx_hal_cortex.o
 .debug_str     0x0010ddac   0x10577e ./Drivers/STM32L5xx_HAL_Driver/Src/stm32l5xx_hal_gpio.o
 .debug_str     0x0010ddac   0x105f5a ./Drivers/STM32L5xx_HAL_Driver/Src/stm32l5xx_hal_pwr_ex.o
 .debug_str     0x0010ddac   0x105e0f ./Drivers/STM32L5xx_HAL_Driver/Src/stm32l5xx_hal_rcc.o
 .debug_str     0x0010ddac   0x106365 ./Drivers/STM32L5xx_HAL_Driver/Src/stm32l5xx_hal_rcc_ex.o
 .debug_str     0x0010ddac   0x106b53 ./Drivers/STM32L5xx_HAL_Driver/Src/stm32l5xx_hal_tim.o
 .debug_str     0x0010ddac   0x1064ec ./Drivers/STM32L5xx_HAL_Driver/Src/stm32l5xx_hal_tim_ex.o
 .debug_str     0x0010ddac   0x106746 ./Drivers/STM32L5xx_HAL_Driver/Src/stm32l5xx_hal_uart.o
 .debug_str     0x0010ddac   0x105ec3 ./Drivers/STM32L5xx_HAL_Driver/Src/stm32l5xx_hal_uart_ex.o

.comment        0x00000000       0x43
 .comment       0x00000000       0x43 ./Core/Src/main.o
                                 0x44 (size before relaxing)
 .comment       0x00000043       0x44 ./Core/Src/stm32l5xx_hal_msp.o
 .comment       0x00000043       0x44 ./Core/Src/stm32l5xx_it.o
 .comment       0x00000043       0x44 ./Core/Src/system_stm32l5xx.o
 .comment       0x00000043       0x44 ./Drivers/STM32L5xx_HAL_Driver/Src/stm32l5xx_hal.o
 .comment       0x00000043       0x44 ./Drivers/STM32L5xx_HAL_Driver/Src/stm32l5xx_hal_cortex.o
 .comment       0x00000043       0x44 ./Drivers/STM32L5xx_HAL_Driver/Src/stm32l5xx_hal_gpio.o
 .comment       0x00000043       0x44 ./Drivers/STM32L5xx_HAL_Driver/Src/stm32l5xx_hal_pwr_ex.o
 .comment       0x00000043       0x44 ./Drivers/STM32L5xx_HAL_Driver/Src/stm32l5xx_hal_rcc.o
 .comment       0x00000043       0x44 ./Drivers/STM32L5xx_HAL_Driver/Src/stm32l5xx_hal_rcc_ex.o
 .comment       0x00000043       0x44 ./Drivers/STM32L5xx_HAL_Driver/Src/stm32l5xx_hal_tim.o
 .comment       0x00000043       0x44 ./Drivers/STM32L5xx_HAL_Driver/Src/stm32l5xx_hal_tim_ex.o
 .comment       0x00000043       0x44 ./Drivers/STM32L5xx_HAL_Driver/Src/stm32l5xx_hal_uart.o
 .comment       0x00000043       0x44 ./Drivers/STM32L5xx_HAL_Driver/Src/stm32l5xx_hal_uart_ex.o

.debug_frame    0x00000000     0x2940
 .debug_frame   0x00000000       0xd0 ./Core/Src/main.o
 .debug_frame   0x000000d0       0xb4 ./Core/Src/stm32l5xx_hal_msp.o
 .debug_frame   0x00000184       0xa8 ./Core/Src/stm32l5xx_it.o
 .debug_frame   0x0000022c       0x30 ./Core/Src/system_stm32l5xx.o
 .debug_frame   0x0000025c      0x27c ./Drivers/STM32L5xx_HAL_Driver/Src/stm32l5xx_hal.o
 .debug_frame   0x000004d8      0x244 ./Drivers/STM32L5xx_HAL_Driver/Src/stm32l5xx_hal_cortex.o
 .debug_frame   0x0000071c       0xdc ./Drivers/STM32L5xx_HAL_Driver/Src/stm32l5xx_hal_gpio.o
 .debug_frame   0x000007f8      0x380 ./Drivers/STM32L5xx_HAL_Driver/Src/stm32l5xx_hal_pwr_ex.o
 .debug_frame   0x00000b78      0x1e4 ./Drivers/STM32L5xx_HAL_Driver/Src/stm32l5xx_hal_rcc.o
 .debug_frame   0x00000d5c      0x2e4 ./Drivers/STM32L5xx_HAL_Driver/Src/stm32l5xx_hal_rcc_ex.o
 .debug_frame   0x00001040      0xb54 ./Drivers/STM32L5xx_HAL_Driver/Src/stm32l5xx_hal_tim.o
 .debug_frame   0x00001b94      0x4a8 ./Drivers/STM32L5xx_HAL_Driver/Src/stm32l5xx_hal_tim_ex.o
 .debug_frame   0x0000203c      0x67c ./Drivers/STM32L5xx_HAL_Driver/Src/stm32l5xx_hal_uart.o
 .debug_frame   0x000026b8      0x1d8 ./Drivers/STM32L5xx_HAL_Driver/Src/stm32l5xx_hal_uart_ex.o
 .debug_frame   0x00002890       0x20 /home/amd/st/stm32cubeide_1.18.1/plugins/com.st.stm32cube.ide.mcu.externaltools.gnu-tools-for-stm32.13.3.rel1.linux64_1.0.0.202410170706/tools/bin/../lib/gcc/arm-none-eabi/13.3.1/../../../../arm-none-eabi/lib/thumb/v8-m.main+fp/hard/libc_nano.a(libc_a-memset.o)
 .debug_frame   0x000028b0       0x2c /home/amd/st/stm32cubeide_1.18.1/plugins/com.st.stm32cube.ide.mcu.externaltools.gnu-tools-for-stm32.13.3.rel1.linux64_1.0.0.202410170706/tools/bin/../lib/gcc/arm-none-eabi/13.3.1/../../../../arm-none-eabi/lib/thumb/v8-m.main+fp/hard/libc_nano.a(libc_a-init.o)
 .debug_frame   0x000028dc       0x2c /home/amd/st/stm32cubeide_1.18.1/plugins/com.st.stm32cube.ide.mcu.externaltools.gnu-tools-for-stm32.13.3.rel1.linux64_1.0.0.202410170706/tools/bin/../lib/gcc/arm-none-eabi/13.3.1/thumb/v8-m.main+fp/hard/libgcc.a(_aeabi_uldivmod.o)
 .debug_frame   0x00002908       0x38 /home/amd/st/stm32cubeide_1.18.1/plugins/com.st.stm32cube.ide.mcu.externaltools.gnu-tools-for-stm32.13.3.rel1.linux64_1.0.0.202410170706/tools/bin/../lib/gcc/arm-none-eabi/13.3.1/thumb/v8-m.main+fp/hard/libgcc.a(_udivmoddi4.o)

.debug_loclists
                0x00000000     0xccf4
 .debug_loclists
                0x00000000       0xa1 ./Core/Src/stm32l5xx_hal_msp.o
 .debug_loclists
                0x000000a1       0xb5 ./Core/Src/system_stm32l5xx.o
 .debug_loclists
                0x00000156      0x1f1 ./Drivers/STM32L5xx_HAL_Driver/Src/stm32l5xx_hal.o
 .debug_loclists
                0x00000347      0x5ff ./Drivers/STM32L5xx_HAL_Driver/Src/stm32l5xx_hal_cortex.o
 .debug_loclists
                0x00000946      0x264 ./Drivers/STM32L5xx_HAL_Driver/Src/stm32l5xx_hal_gpio.o
 .debug_loclists
                0x00000baa      0x761 ./Drivers/STM32L5xx_HAL_Driver/Src/stm32l5xx_hal_pwr_ex.o
 .debug_loclists
                0x0000130b      0x727 ./Drivers/STM32L5xx_HAL_Driver/Src/stm32l5xx_hal_rcc.o
 .debug_loclists
                0x00001a32     0x1b07 ./Drivers/STM32L5xx_HAL_Driver/Src/stm32l5xx_hal_rcc_ex.o
 .debug_loclists
                0x00003539     0x3bdf ./Drivers/STM32L5xx_HAL_Driver/Src/stm32l5xx_hal_tim.o
 .debug_loclists
                0x00007118     0x1c6c ./Drivers/STM32L5xx_HAL_Driver/Src/stm32l5xx_hal_tim_ex.o
 .debug_loclists
                0x00008d84     0x373b ./Drivers/STM32L5xx_HAL_Driver/Src/stm32l5xx_hal_uart.o
 .debug_loclists
                0x0000c4bf      0x835 ./Drivers/STM32L5xx_HAL_Driver/Src/stm32l5xx_hal_uart_ex.o

.debug_line_str
                0x00000000       0x51
 .debug_line_str
                0x00000000       0x51 ./Core/Startup/startup_stm32l562qeix.o
